// Jest Snapshot v1, https://goo.gl/fbAQLP

exports[`Register/InputForm.jsxのテスト スナップショット 正しいレンダリング 1`] = `
<div
  className="main"
>
  <form
    onSubmit={[Function]}
  >
    <div
      className="contentWithButton"
    >
      <div
        className="inputUserId"
      >
        <div
          className="inputArea"
        >
          <label
            htmlFor="userId"
          >
            ユーザID
            <span
              className="message hidden"
            >
              
            </span>
            <input
              className="input"
              id="userId"
              onChange={[Function]}
              type="text"
              value="userId"
            />
          </label>
        </div>
      </div>
      <div
        className="inputName"
      >
        <div
          className="inputArea"
        >
          <label
            htmlFor="lastName"
          >
            姓
            <span
              className="message hidden"
            >
              
            </span>
            <input
              className="input"
              id="lastName"
              onChange={[Function]}
              type="text"
              value="lastName"
            />
          </label>
        </div>
        <div
          className="inputArea"
        >
          <label
            htmlFor="firstName"
          >
            名
            <span
              className="message hidden"
            >
              
            </span>
            <input
              className="input"
              id="firstName"
              onChange={[Function]}
              type="text"
              value="firstName"
            />
          </label>
        </div>
      </div>
    </div>
    <div
      className="singleButton"
    >
      <button
        className="next"
        onClick={[Function]}
      >
        次へ
      </button>
    </div>
  </form>
</div>
`;
